// Jest Snapshot v1, https://goo.gl/fbAQLP

exports[`The App Component should render correctly 1`] = `
<div
  className="App"
>
  <Provider
    store={
      Object {
        "dispatch": [Function],
        "getState": [Function],
        "replaceReducer": [Function],
        "subscribe": [Function],
        Symbol(observable): [Function],
      }
    }
  >
    <BrowserRouter>
      <withRouter(Connect(BaseLayout))>
        <Switch>
          <Route
            component={[Function]}
            exact={true}
            path="/"
          />
          <Route
            component={[Function]}
            path="/map"
          />
          <Route
            component={[Function]}
            path="/*"
          />
        </Switch>
      </withRouter(Connect(BaseLayout))>
    </BrowserRouter>
  </Provider>
</div>
`;
